anurag@anurag-HP-Pavilion-g6-Notebook-PC ~ $ cd ~
anurag@anurag-HP-Pavilion-g6-Notebook-PC ~ $ ls
Desktop    lesson_4  Pictures   project_4     Templates
Documents  lesson_5  project_1  project_5     Videos
Downloads  __MACOSX  project_2  Public        workspace
lesson_3   Music     project_3  summerintern  wrangle1.py.save
anurag@anurag-HP-Pavilion-g6-Notebook-PC ~ $ mkdiir octo-pro
No command 'mkdiir' found, did you mean:
 Command 'mkdir' from package 'coreutils' (main)
mkdiir: command not found
anurag@anurag-HP-Pavilion-g6-Notebook-PC ~ $ mkdir octo-pro
anurag@anurag-HP-Pavilion-g6-Notebook-PC ~ $ cd octo-pro/
anurag@anurag-HP-Pavilion-g6-Notebook-PC ~/octo-pro $ ls
anurag@anurag-HP-Pavilion-g6-Notebook-PC ~/octo-pro $ gedit main.py
anurag@anurag-HP-Pavilion-g6-Notebook-PC ~/octo-pro $ gedit octo.py
anurag@anurag-HP-Pavilion-g6-Notebook-PC ~/octo-pro $ ls
octo.py
anurag@anurag-HP-Pavilion-g6-Notebook-PC ~/octo-pro $ python octo.py
Hello octo
Hello octo
Hello octo
Hello octo
Hello octo
Hello octo
Hello octo
Hello octo
Hello octo
Hello octo
anurag@anurag-HP-Pavilion-g6-Notebook-PC ~/octo-pro $ git init
Initialized empty Git repository in /home/anurag/octo-pro/.git/
anurag@anurag-HP-Pavilion-g6-Notebook-PC ~/octo-pro $ ls
octo.py
anurag@anurag-HP-Pavilion-g6-Notebook-PC ~/octo-pro $ ls -al
total 16
drwxr-xr-x  3 anurag anurag 4096 May 16 15:02 .
drwxr-xr-x 41 anurag anurag 4096 May 16 14:59 ..
drwxr-xr-x  7 anurag anurag 4096 May 16 15:02 .git
-rw-r--r--  1 anurag anurag   40 May 16 15:01 octo.py
anurag@anurag-HP-Pavilion-g6-Notebook-PC ~/octo-pro $ ls -a
.  ..  .git  octo.py
anurag@anurag-HP-Pavilion-g6-Notebook-PC ~/octo-pro $ sudo powertop
[sudo] password for anurag: 
Loaded 1 prior measurements
Cannot load from file /var/cache/powertop/saved_parameters.powertop
RAPL device for cpu 0
RAPL device for cpu 0
RAPL device for cpu 0
Cannot load from file /var/cache/powertop/saved_parameters.powertop
Leaving PowerTOP
anurag@anurag-HP-Pavilion-g6-Notebook-PC ~/octo-pro $ git status
# On branch master
#
# Initial commit
#
# Untracked files:
#   (use "git add <file>..." to include in what will be committed)
#
#	octo.py
nothing added to commit but untracked files present (use "git add" to track)
anurag@anurag-HP-Pavilion-g6-Notebook-PC ~/octo-pro $ git add octo.py
anurag@anurag-HP-Pavilion-g6-Notebook-PC ~/octo-pro $ git status
# On branch master
#
# Initial commit
#
# Changes to be committed:
#   (use "git rm --cached <file>..." to unstage)
#
#	new file:   octo.py
#
anurag@anurag-HP-Pavilion-g6-Notebook-PC ~/octo-pro $ git commit -m "working project. or initial commit"
[master (root-commit) 89f3e73] working project. or initial commit
 1 file changed, 2 insertions(+)
 create mode 100644 octo.py
anurag@anurag-HP-Pavilion-g6-Notebook-PC ~/octo-pro $ git status
# On branch master
nothing to commit, working directory clean
anurag@anurag-HP-Pavilion-g6-Notebook-PC ~/octo-pro $ git log
commit 89f3e7383f360833bbdc57377463aa56899e944b
Author: anurag <anurag.fadia@gmail.com>
Date:   Fri May 16 15:06:37 2014 +0530

    working project. or initial commit
anurag@anurag-HP-Pavilion-g6-Notebook-PC ~/octo-pro $ gedit octo.py 
.git/    octo.py  
anurag@anurag-HP-Pavilion-g6-Notebook-PC ~/octo-pro $ gedit octo.py
anurag@anurag-HP-Pavilion-g6-Notebook-PC ~/octo-pro $ git status
# On branch master
# Changes not staged for commit:
#   (use "git add <file>..." to update what will be committed)
#   (use "git checkout -- <file>..." to discard changes in working directory)
#
#	modified:   octo.py
#
no changes added to commit (use "git add" and/or "git commit -a")
anurag@anurag-HP-Pavilion-g6-Notebook-PC ~/octo-pro $ 






______________________


git commit -m "working project. or initial commit"
[master (root-commit) 89f3e73] working project. or initial commit
 1 file changed, 2 insertions(+)
 create mode 100644 octo.py
anurag@anurag-HP-Pavilion-g6-Notebook-PC ~/octo-pro $ git status
# On branch master
nothing to commit, working directory clean
anurag@anurag-HP-Pavilion-g6-Notebook-PC ~/octo-pro $ git log
commit 89f3e7383f360833bbdc57377463aa56899e944b
Author: anurag <anurag.fadia@gmail.com>
Date:   Fri May 16 15:06:37 2014 +0530

    working project. or initial commit
anurag@anurag-HP-Pavilion-g6-Notebook-PC ~/octo-pro $ gedit octo.py 
.git/    octo.py  
anurag@anurag-HP-Pavilion-g6-Notebook-PC ~/octo-pro $ gedit octo.py
anurag@anurag-HP-Pavilion-g6-Notebook-PC ~/octo-pro $ git status
# On branch master
# Changes not staged for commit:
#   (use "git add <file>..." to update what will be committed)
#   (use "git checkout -- <file>..." to discard changes in working directory)
#
#	modified:   octo.py
#
no changes added to commit (use "git add" and/or "git commit -a")
anurag@anurag-HP-Pavilion-g6-Notebook-PC ~/octo-pro $ git add -u octo.py
anurag@anurag-HP-Pavilion-g6-Notebook-PC ~/octo-pro $ git statis
git: 'statis' is not a git command. See 'git --help'.

Did you mean this?
	status
anurag@anurag-HP-Pavilion-g6-Notebook-PC ~/octo-pro $ git status
# On branch master
# Changes to be committed:
#   (use "git reset HEAD <file>..." to unstage)
#
#	modified:   octo.py
#
anurag@anurag-HP-Pavilion-g6-Notebook-PC ~/octo-pro $ git commit
[master 99f7549] implemented a function definition.
 1 file changed, 5 insertions(+), 2 deletions(-)
anurag@anurag-HP-Pavilion-g6-Notebook-PC ~/octo-pro $ 

__________________

new repo
same repo name
add a description if you want
click on create repo

now on the terminal:
git remote add origin https://github.com/abnth/octo-pro.git

origin is the shortname of the github url


git remote -v

to see the remote sever list available(github is not the only repo available)

to push the file
git push -u origin master

will ask for you uname and password and then push the changes to github

on github you can see the commit history




_______________


branching
and merging


for contibutng to others fork their code


git clone : copy gothub to local machine where as branching was on the server itself

create a new repo and atleast do 5 commits.

python official documentation. and oop side of python (byte of python)

python django tutorial follow



__________________________________________________


This is the changed file and now contains details about object orientation in python.

class
Robot:
"""Represents a robot, with a name."""
# A class variable, counting the number of robots
population =
0
def
__init__(self, name):
"""Initializes the data."""
self.name = name
print
"(Initializing {})"
.format(self.name)
# When this person is created, the robot
# adds to the population
Robot.population +=
1
def
die(self):
"""I am dying."""
print
"{} is being destroyed!"
.format(self.name)
Robot.population -=
1
Object Oriented Programming
103
if
Robot.population ==
0
:
print
"{} was the last one."
.format(self.name)
else
:
print
"There are still {:d} robots working."
.format(
Robot.population)
def
say_hi(self):
"""Greeting by the robot.
Yeah, they can do that."""
print
"Greetings, my masters call me {}."
.format(self.name)
@classmethod
def
how_many(cls):
"""Prints the current population."""
print
"We have {:d} robots."
.format(cls.population)
droid1 = Robot(
"R2-D2"
)
droid1.say_hi()
Robot.how_many()
droid2 = Robot(
"C-3PO"
)
droid2.say_hi()
Robot.how_many()
print
"\nRobots can do some work here.\n"
print
"Robots have finished their work. So let's destroy them."
droid1.die()
droid2.die()
Robot.how_many()
Output:
$ python oop_objvar.py
(Initializing R2-D2)
Greetings, my masters call me R2-D2.
We have 1 robots.
(Initializing C-3PO)
Greetings, my masters call me C-3PO.
We have 2 robots.




____________________

now contains my failed attempt to push the repo to github!

anurag@anurag-HP-Pavilion-g6-Notebook-PC ~ $ cd Desktop
anurag@anurag-HP-Pavilion-g6-Notebook-PC ~/Desktop $ ls
adt-bundle-linux-x86_64-20140321  lesson_2      mozilla.pdf
git tu                            mozilla1.pdf  wrangle1.py
anurag@anurag-HP-Pavilion-g6-Notebook-PC ~/Desktop $ mkdir office-hours
anurag@anurag-HP-Pavilion-g6-Notebook-PC ~/Desktop $ cd office-hours/
anurag@anurag-HP-Pavilion-g6-Notebook-PC ~/Desktop/office-hours $ ls
anurag@anurag-HP-Pavilion-g6-Notebook-PC ~/Desktop/office-hours $ cd ..
anurag@anurag-HP-Pavilion-g6-Notebook-PC ~/Desktop $ mv git\ tu office-hours/
anurag@anurag-HP-Pavilion-g6-Notebook-PC ~/Desktop $ ls
adt-bundle-linux-x86_64-20140321  mozilla1.pdf  office-hours
lesson_2                          mozilla.pdf   wrangle1.py
anurag@anurag-HP-Pavilion-g6-Notebook-PC ~/Desktop $ cd office-hours/
anurag@anurag-HP-Pavilion-g6-Notebook-PC ~/Desktop/office-hours $ ls
git tu
anurag@anurag-HP-Pavilion-g6-Notebook-PC ~/Desktop/office-hours $ git init
Initialized empty Git repository in /home/anurag/Desktop/office-hours/.git/
anurag@anurag-HP-Pavilion-g6-Notebook-PC ~/Desktop/office-hours $ ls
git tu
anurag@anurag-HP-Pavilion-g6-Notebook-PC ~/Desktop/office-hours $ ls -a
.  ..  .git  git tu
anurag@anurag-HP-Pavilion-g6-Notebook-PC ~/Desktop/office-hours $ git status
# On branch master
#
# Initial commit
#
# Untracked files:
#   (use "git add <file>..." to include in what will be committed)
#
#	git tu
nothing added to commit but untracked files present (use "git add" to track)
anurag@anurag-HP-Pavilion-g6-Notebook-PC ~/Desktop/office-hours $ git log
fatal: bad default revision 'HEAD'
anurag@anurag-HP-Pavilion-g6-Notebook-PC ~/Desktop/office-hours $ git commit
# On branch master
#
# Initial commit
#
# Untracked files:
#   (use "git add <file>..." to include in what will be committed)
#
#	git tu
nothing added to commit but untracked files present (use "git add" to track)
anurag@anurag-HP-Pavilion-g6-Notebook-PC ~/Desktop/office-hours $ git add git\ tu
anurag@anurag-HP-Pavilion-g6-Notebook-PC ~/Desktop/office-hours $ git status
# On branch master
#
# Initial commit
#
# Changes to be committed:
#   (use "git rm --cached <file>..." to unstage)
#
#	new file:   git tu
#
anurag@anurag-HP-Pavilion-g6-Notebook-PC ~/Desktop/office-hours $ git commit
[master (root-commit) bb60051] initial commit; just to save things!
 1 file changed, 193 insertions(+)
 create mode 100644 git tu
anurag@anurag-HP-Pavilion-g6-Notebook-PC ~/Desktop/office-hours $ git status
# On branch master
nothing to commit, working directory clean
anurag@anurag-HP-Pavilion-g6-Notebook-PC ~/Desktop/office-hours $ git log
commit bb60051fad5928788080b44bb83aa1d469898fbd
Author: anurag <anurag.fadia@gmail.com>
Date:   Fri May 16 22:56:41 2014 +0530

    initial commit; just to save things!
anurag@anurag-HP-Pavilion-g6-Notebook-PC ~/Desktop/office-hours $ gedit git\ tu anurag@anurag-HP-Pavilion-g6-Notebook-PC ~/Desktop/office-hours $ git status
# On branch master
# Changes not staged for commit:
#   (use "git add <file>..." to update what will be committed)
#   (use "git checkout -- <file>..." to discard changes in working directory)
#
#	modified:   git tu
#
no changes added to commit (use "git add" and/or "git commit -a")
anurag@anurag-HP-Pavilion-g6-Notebook-PC ~/Desktop/office-hours $ git commit
# On branch master
# Changes not staged for commit:
#   (use "git add <file>..." to update what will be committed)
#   (use "git checkout -- <file>..." to discard changes in working directory)
#
#	modified:   git tu
#
no changes added to commit (use "git add" and/or "git commit -a")
anurag@anurag-HP-Pavilion-g6-Notebook-PC ~/Desktop/office-hours $ git add git\ tu
anurag@anurag-HP-Pavilion-g6-Notebook-PC ~/Desktop/office-hours $ git commit
[master 83941a2] added object orientation details
 1 file changed, 88 insertions(+)
anurag@anurag-HP-Pavilion-g6-Notebook-PC ~/Desktop/office-hours $ git log
commit 83941a2e2dc984b4ed92435f00da5247f0559905
Author: anurag <anurag.fadia@gmail.com>
Date:   Fri May 16 23:00:01 2014 +0530

    added object orientation details

commit bb60051fad5928788080b44bb83aa1d469898fbd
Author: anurag <anurag.fadia@gmail.com>
Date:   Fri May 16 22:56:41 2014 +0530

    initial commit; just to save things!
anurag@anurag-HP-Pavilion-g6-Notebook-PC ~/Desktop/office-hours $ git stauta
git: 'stauta' is not a git command. See 'git --help'.

Did you mean this?
	status
anurag@anurag-HP-Pavilion-g6-Notebook-PC ~/Desktop/office-hours $ git status
# On branch master
nothing to commit, working directory clean
anurag@anurag-HP-Pavilion-g6-Notebook-PC ~/Desktop/office-hours $ gedit git\ tu anurag@anurag-HP-Pavilion-g6-Notebook-PC ~/Desktop/office-hours $ git remote add origin https://github.com/abnth/office-hours.git
anurag@anurag-HP-Pavilion-g6-Notebook-PC ~/Desktop/office-hours $ git push -u origin master
fatal: unable to access 'https://github.com/abnth/office-hours.git/': gnutls_handshake() failed: An unexpected TLS packet was received.
anurag@anurag-HP-Pavilion-g6-Notebook-PC ~/Desktop/office-hours $ 
----------------------------------------------------------------------------------

mitali@aakash:~$ git clone https://github.com/shaswatsunder/office-hours.git
Cloning into 'office-hours'...
remote: Counting objects: 9, done.
remote: Compressing objects: 100% (4/4), done.
remote: Total 9 (delta 2), reused 9 (delta 2)
Unpacking objects: 100% (9/9), done.
Checking connectivity... done.
mitali@aakash:~$ cd office-hours/
mitali@aakash:~/office-hours$ git log 
commit cfb97c1fe944420c83f94e73a4378432d12aaa3b
Author: anurag <anurag.fadia@gmail.com>
Date:   Fri May 16 23:04:51 2014 +0530

    added screentext of trying to push the repo! :(

commit 83941a2e2dc984b4ed92435f00da5247f0559905
Author: anurag <anurag.fadia@gmail.com>
Date:   Fri May 16 23:00:01 2014 +0530

    added object orientation details

commit bb60051fad5928788080b44bb83aa1d469898fbd
Author: anurag <anurag.fadia@gmail.com>
Date:   Fri May 16 22:56:41 2014 +0530

    initial commit; just to save things!


